// Jest Snapshot v1, https://goo.gl/fbAQLP

exports[`SidebarCollapsed should match the snapshot 1`] = `
ShallowWrapper {
  "length": 1,
  Symbol(enzyme.__root__): [Circular],
  Symbol(enzyme.__unrendered__): <SidebarCollapsed />,
  Symbol(enzyme.__renderer__): Object {
    "batchedUpdates": [Function],
    "getNode": [Function],
    "render": [Function],
    "simulateEvent": [Function],
    "unmount": [Function],
  },
  Symbol(enzyme.__node__): Object {
    "instance": null,
    "key": undefined,
    "nodeType": "host",
    "props": Object {
      "children": Array [
        <img
          alt="icon logo"
          className="sidebar__logo"
          src="logo.svg"
/>,
        <section
          className="sidebar__section-main"
>
          <button>
                    <i
                              className="icon-chart-bar"
                    />
          </button>
          <button>
                    <i
                              className="icon-user"
                    />
          </button>
          <button>
                    <i
                              className="icon-youtube-play"
                    />
          </button>
</section>,
        <section
          className="sidebar__section-admin"
>
          <button
                    disabled={true}
          >
                    <i
                              className="icon-plus"
                    />
          </button>
          <button
                    disabled={true}
          >
                    <i
                              className="icon-chart-bar"
                    />
          </button>
          <button
                    disabled={true}
          >
                    <i
                              className="icon-user"
                    />
          </button>
          <button
                    disabled={true}
          >
                    <i
                              className="icon-youtube-play"
                    />
          </button>
</section>,
      ],
      "className": "sidebarrCollapsed",
    },
    "ref": null,
    "rendered": Array [
      Object {
        "instance": null,
        "key": undefined,
        "nodeType": "host",
        "props": Object {
          "alt": "icon logo",
          "className": "sidebar__logo",
          "src": "logo.svg",
        },
        "ref": null,
        "rendered": null,
        "type": "img",
      },
      Object {
        "instance": null,
        "key": undefined,
        "nodeType": "host",
        "props": Object {
          "children": Array [
            <button>
              <i
                            className="icon-chart-bar"
              />
</button>,
            <button>
              <i
                            className="icon-user"
              />
</button>,
            <button>
              <i
                            className="icon-youtube-play"
              />
</button>,
          ],
          "className": "sidebar__section-main",
        },
        "ref": null,
        "rendered": Array [
          Object {
            "instance": null,
            "key": undefined,
            "nodeType": "host",
            "props": Object {
              "children": <i
                className="icon-chart-bar"
/>,
            },
            "ref": null,
            "rendered": Object {
              "instance": null,
              "key": undefined,
              "nodeType": "host",
              "props": Object {
                "className": "icon-chart-bar",
              },
              "ref": null,
              "rendered": null,
              "type": "i",
            },
            "type": "button",
          },
          Object {
            "instance": null,
            "key": undefined,
            "nodeType": "host",
            "props": Object {
              "children": <i
                className="icon-user"
/>,
            },
            "ref": null,
            "rendered": Object {
              "instance": null,
              "key": undefined,
              "nodeType": "host",
              "props": Object {
                "className": "icon-user",
              },
              "ref": null,
              "rendered": null,
              "type": "i",
            },
            "type": "button",
          },
          Object {
            "instance": null,
            "key": undefined,
            "nodeType": "host",
            "props": Object {
              "children": <i
                className="icon-youtube-play"
/>,
            },
            "ref": null,
            "rendered": Object {
              "instance": null,
              "key": undefined,
              "nodeType": "host",
              "props": Object {
                "className": "icon-youtube-play",
              },
              "ref": null,
              "rendered": null,
              "type": "i",
            },
            "type": "button",
          },
        ],
        "type": "section",
      },
      Object {
        "instance": null,
        "key": undefined,
        "nodeType": "host",
        "props": Object {
          "children": Array [
            <button
              disabled={true}
>
              <i
                            className="icon-plus"
              />
</button>,
            <button
              disabled={true}
>
              <i
                            className="icon-chart-bar"
              />
</button>,
            <button
              disabled={true}
>
              <i
                            className="icon-user"
              />
</button>,
            <button
              disabled={true}
>
              <i
                            className="icon-youtube-play"
              />
</button>,
          ],
          "className": "sidebar__section-admin",
        },
        "ref": null,
        "rendered": Array [
          Object {
            "instance": null,
            "key": undefined,
            "nodeType": "host",
            "props": Object {
              "children": <i
                className="icon-plus"
/>,
              "disabled": true,
            },
            "ref": null,
            "rendered": Object {
              "instance": null,
              "key": undefined,
              "nodeType": "host",
              "props": Object {
                "className": "icon-plus",
              },
              "ref": null,
              "rendered": null,
              "type": "i",
            },
            "type": "button",
          },
          Object {
            "instance": null,
            "key": undefined,
            "nodeType": "host",
            "props": Object {
              "children": <i
                className="icon-chart-bar"
/>,
              "disabled": true,
            },
            "ref": null,
            "rendered": Object {
              "instance": null,
              "key": undefined,
              "nodeType": "host",
              "props": Object {
                "className": "icon-chart-bar",
              },
              "ref": null,
              "rendered": null,
              "type": "i",
            },
            "type": "button",
          },
          Object {
            "instance": null,
            "key": undefined,
            "nodeType": "host",
            "props": Object {
              "children": <i
                className="icon-user"
/>,
              "disabled": true,
            },
            "ref": null,
            "rendered": Object {
              "instance": null,
              "key": undefined,
              "nodeType": "host",
              "props": Object {
                "className": "icon-user",
              },
              "ref": null,
              "rendered": null,
              "type": "i",
            },
            "type": "button",
          },
          Object {
            "instance": null,
            "key": undefined,
            "nodeType": "host",
            "props": Object {
              "children": <i
                className="icon-youtube-play"
/>,
              "disabled": true,
            },
            "ref": null,
            "rendered": Object {
              "instance": null,
              "key": undefined,
              "nodeType": "host",
              "props": Object {
                "className": "icon-youtube-play",
              },
              "ref": null,
              "rendered": null,
              "type": "i",
            },
            "type": "button",
          },
        ],
        "type": "section",
      },
    ],
    "type": "div",
  },
  Symbol(enzyme.__nodes__): Array [
    Object {
      "instance": null,
      "key": undefined,
      "nodeType": "host",
      "props": Object {
        "children": Array [
          <img
            alt="icon logo"
            className="sidebar__logo"
            src="logo.svg"
/>,
          <section
            className="sidebar__section-main"
>
            <button>
                        <i
                                    className="icon-chart-bar"
                        />
            </button>
            <button>
                        <i
                                    className="icon-user"
                        />
            </button>
            <button>
                        <i
                                    className="icon-youtube-play"
                        />
            </button>
</section>,
          <section
            className="sidebar__section-admin"
>
            <button
                        disabled={true}
            >
                        <i
                                    className="icon-plus"
                        />
            </button>
            <button
                        disabled={true}
            >
                        <i
                                    className="icon-chart-bar"
                        />
            </button>
            <button
                        disabled={true}
            >
                        <i
                                    className="icon-user"
                        />
            </button>
            <button
                        disabled={true}
            >
                        <i
                                    className="icon-youtube-play"
                        />
            </button>
</section>,
        ],
        "className": "sidebarrCollapsed",
      },
      "ref": null,
      "rendered": Array [
        Object {
          "instance": null,
          "key": undefined,
          "nodeType": "host",
          "props": Object {
            "alt": "icon logo",
            "className": "sidebar__logo",
            "src": "logo.svg",
          },
          "ref": null,
          "rendered": null,
          "type": "img",
        },
        Object {
          "instance": null,
          "key": undefined,
          "nodeType": "host",
          "props": Object {
            "children": Array [
              <button>
                <i
                                className="icon-chart-bar"
                />
</button>,
              <button>
                <i
                                className="icon-user"
                />
</button>,
              <button>
                <i
                                className="icon-youtube-play"
                />
</button>,
            ],
            "className": "sidebar__section-main",
          },
          "ref": null,
          "rendered": Array [
            Object {
              "instance": null,
              "key": undefined,
              "nodeType": "host",
              "props": Object {
                "children": <i
                  className="icon-chart-bar"
/>,
              },
              "ref": null,
              "rendered": Object {
                "instance": null,
                "key": undefined,
                "nodeType": "host",
                "props": Object {
                  "className": "icon-chart-bar",
                },
                "ref": null,
                "rendered": null,
                "type": "i",
              },
              "type": "button",
            },
            Object {
              "instance": null,
              "key": undefined,
              "nodeType": "host",
              "props": Object {
                "children": <i
                  className="icon-user"
/>,
              },
              "ref": null,
              "rendered": Object {
                "instance": null,
                "key": undefined,
                "nodeType": "host",
                "props": Object {
                  "className": "icon-user",
                },
                "ref": null,
                "rendered": null,
                "type": "i",
              },
              "type": "button",
            },
            Object {
              "instance": null,
              "key": undefined,
              "nodeType": "host",
              "props": Object {
                "children": <i
                  className="icon-youtube-play"
/>,
              },
              "ref": null,
              "rendered": Object {
                "instance": null,
                "key": undefined,
                "nodeType": "host",
                "props": Object {
                  "className": "icon-youtube-play",
                },
                "ref": null,
                "rendered": null,
                "type": "i",
              },
              "type": "button",
            },
          ],
          "type": "section",
        },
        Object {
          "instance": null,
          "key": undefined,
          "nodeType": "host",
          "props": Object {
            "children": Array [
              <button
                disabled={true}
>
                <i
                                className="icon-plus"
                />
</button>,
              <button
                disabled={true}
>
                <i
                                className="icon-chart-bar"
                />
</button>,
              <button
                disabled={true}
>
                <i
                                className="icon-user"
                />
</button>,
              <button
                disabled={true}
>
                <i
                                className="icon-youtube-play"
                />
</button>,
            ],
            "className": "sidebar__section-admin",
          },
          "ref": null,
          "rendered": Array [
            Object {
              "instance": null,
              "key": undefined,
              "nodeType": "host",
              "props": Object {
                "children": <i
                  className="icon-plus"
/>,
                "disabled": true,
              },
              "ref": null,
              "rendered": Object {
                "instance": null,
                "key": undefined,
                "nodeType": "host",
                "props": Object {
                  "className": "icon-plus",
                },
                "ref": null,
                "rendered": null,
                "type": "i",
              },
              "type": "button",
            },
            Object {
              "instance": null,
              "key": undefined,
              "nodeType": "host",
              "props": Object {
                "children": <i
                  className="icon-chart-bar"
/>,
                "disabled": true,
              },
              "ref": null,
              "rendered": Object {
                "instance": null,
                "key": undefined,
                "nodeType": "host",
                "props": Object {
                  "className": "icon-chart-bar",
                },
                "ref": null,
                "rendered": null,
                "type": "i",
              },
              "type": "button",
            },
            Object {
              "instance": null,
              "key": undefined,
              "nodeType": "host",
              "props": Object {
                "children": <i
                  className="icon-user"
/>,
                "disabled": true,
              },
              "ref": null,
              "rendered": Object {
                "instance": null,
                "key": undefined,
                "nodeType": "host",
                "props": Object {
                  "className": "icon-user",
                },
                "ref": null,
                "rendered": null,
                "type": "i",
              },
              "type": "button",
            },
            Object {
              "instance": null,
              "key": undefined,
              "nodeType": "host",
              "props": Object {
                "children": <i
                  className="icon-youtube-play"
/>,
                "disabled": true,
              },
              "ref": null,
              "rendered": Object {
                "instance": null,
                "key": undefined,
                "nodeType": "host",
                "props": Object {
                  "className": "icon-youtube-play",
                },
                "ref": null,
                "rendered": null,
                "type": "i",
              },
              "type": "button",
            },
          ],
          "type": "section",
        },
      ],
      "type": "div",
    },
  ],
  Symbol(enzyme.__options__): Object {
    "adapter": ReactSixteenAdapter {
      "options": Object {
        "enableComponentDidUpdateOnSetState": true,
      },
    },
  },
}
`;
